02:31:20.367 master running
02:31:21.474 master running
02:31:22.669 master running
02:31:23.767 master running
02:31:24.874 master running
02:31:25.964 master running
02:31:27.057 master running
02:31:28.156 master running
02:31:29.275 master running
02:31:30.388 master running
02:31:31.508 master running
02:31:32.616 master running
02:31:33.722 master running
02:31:34.815 master running
02:31:35.969 master running
02:31:37.131 master running
02:31:38.229 master running
02:31:39.345 master running
02:31:40.527 master running
02:31:41.633 master running
02:31:42.735 master running
02:31:43.857 master running
02:31:44.952 master running
02:31:46.052 master running
02:31:47.171 master running
02:31:48.288 master running
02:31:49.545 master running
02:31:50.680 master running
02:31:51.784 master running
02:31:52.928 master running
02:31:54.033 master running
02:31:55.170 master running
02:31:56.338 master running
02:31:57.455 master running
02:31:58.565 master stopping
02:31:59.700 master stopping
02:32:00.801 master stopping
02:32:01.890 master stopping
02:32:02.995 master stopping
02:32:04.121 master stopping
02:32:05.224 master stopping
02:32:06.319 master stopping
02:32:07.424 master stopping
02:32:08.545 master stopping
02:32:09.652 master stopping
02:32:10.818 master stopping
02:32:11.940 master stopping
02:32:13.071 master stopping
02:32:14.172 master stopping
02:32:15.264 master stopping
02:32:16.362 master stopping
02:32:17.549 master stopping
02:32:18.688 master stopping
02:32:19.785 master stopping
02:32:20.900 master stopping
02:32:22.066 master stopping
02:32:23.164 master stopping
02:32:24.262 master stopping
02:32:25.363 master stopping
02:32:26.477 master stopping
02:32:27.586 master stopping
02:32:28.680 master stopping
02:32:29.776 master stopping
02:32:30.860 master stopping
02:32:31.950 master stopping
02:32:33.039 master stopping
02:32:34.137 master stopping
02:32:35.227 master stopping
02:32:36.324 master stopping
02:32:37.491 master stopping
02:32:39.760 replica starting
02:32:40.856 replica running
02:32:41.954 replica running
02:32:43.193 replica running
02:32:44.325 replica running
02:32:45.454 replica running
02:32:46.566 replica running
02:32:47.676 replica running
02:32:48.832 replica running
02:32:49.929 replica running
02:32:51.025 replica running
02:32:52.130 replica running
02:32:53.222 replica running
02:32:54.341 replica running
02:32:55.490 replica running
02:32:56.631 replica running
02:32:57.724 replica running
02:32:58.820 replica running
02:32:59.942 replica running
02:33:01.033 replica running
02:33:02.140 replica running
02:33:03.232 replica running
02:33:04.331 replica running
02:33:05.514 replica running
02:33:06.664 replica running
02:33:07.765 replica running
02:33:08.865 replica running
02:33:09.981 replica running
02:33:11.083 replica running
02:33:12.187 replica running
02:33:13.285 replica running
02:33:14.391 replica running
02:33:15.639 replica running
02:33:16.795 replica running
02:33:17.900 replica running
02:33:19.001 replica running
02:33:20.087 replica running
02:33:21.176 replica running
02:33:22.273 replica running
02:33:23.384 replica running
02:33:24.513 replica running
02:33:25.633 replica running
02:33:26.723 replica running
02:33:27.822 replica stopped
02:33:28.922 replica stopped
02:33:30.014 replica stopped
02:33:31.117 replica stopped
02:33:32.217 replica stopped
02:33:33.319 replica stopped
02:33:34.438 replica stopped
02:33:35.651 replica stopped
02:33:36.789 replica stopped
02:33:37.947 replica stopped
02:33:39.042 replica stopped
02:33:41.564 replica starting
02:33:42.745 replica starting
02:33:43.838 replica running
02:33:44.940 replica running
02:33:46.061 replica running
02:33:47.163 replica running
02:33:48.329 replica running
02:33:49.451 replica running
02:33:50.556 replica running
02:33:51.722 replica running
02:33:52.821 replica running
02:33:53.929 replica running
02:33:55.036 replica running
02:33:56.125 replica running
02:33:57.225 replica running
02:33:58.318 replica running
02:33:59.474 replica running
02:34:00.609 replica running
02:34:01.749 replica running
02:34:02.843 replica running
02:34:03.945 replica running
02:34:05.051 replica running
02:34:06.150 replica running
02:34:07.239 replica running
02:34:08.334 replica running
02:34:09.483 replica running
02:34:10.590 replica running
02:34:11.688 replica running
02:34:12.778 replica running
02:34:13.869 replica running
02:34:14.955 replica running
02:34:16.061 replica running
02:34:17.155 replica running
02:34:18.240 replica running
02:34:19.336 replica running
02:34:20.452 replica running
02:34:21.581 replica running
02:34:22.673 replica running
02:34:23.765 replica running
02:34:24.866 replica running
02:34:25.953 replica running
02:34:27.044 replica running
02:34:28.144 replica running
02:34:29.235 replica running
