02:40:51.343 rol=[master running] escritura=[1 ]
02:40:52.610 rol=[master running] escritura=[2 ]
02:40:53.944 rol=[master running] escritura=[3 ]
02:40:55.187 rol=[master running] escritura=[4 ]
02:40:56.441 rol=[master running] escritura=[5 ]
02:40:57.763 rol=[master running] escritura=[6 ]
02:40:59.061 rol=[master running] escritura=[7 ]
02:41:00.382 rol=[master running] escritura=[8 ]
02:41:01.700 rol=[master running] escritura=[9 ]
02:41:02.979 rol=[master running] escritura=[10 ]
02:41:04.299 rol=[master running] escritura=[11 ]
02:41:05.576 rol=[master running] escritura=[12 ]
02:41:06.901 rol=[master running] escritura=[13 ]
02:41:08.281 rol=[master running] escritura=[14 ]
02:41:09.587 rol=[master running] escritura=[15 ]
02:41:16.704 rol=[master running] escritura=[ Session terminated, killing shell... ...killed. ]
02:41:23.818 rol=[master running] escritura=[ Session terminated, killing shell... ...killed. ]
02:41:25.089 rol=[master stopping] escritura=[psql: error: connection to server on socket "/var/run/postgresql/.s.PGSQL.5433" failed: FATAL:  the database system is s]
02:41:26.313 rol=[master stopping] escritura=[psql: error: connection to server on socket "/var/run/postgresql/.s.PGSQL.5433" failed: FATAL:  the database system is s]
02:41:27.534 rol=[master stopping] escritura=[psql: error: connection to server on socket "/var/run/postgresql/.s.PGSQL.5433" failed: FATAL:  the database system is s]
02:41:28.846 rol=[master stopping] escritura=[psql: error: connection to server on socket "/var/run/postgresql/.s.PGSQL.5433" failed: FATAL:  the database system is s]
02:41:30.114 rol=[master stopping] escritura=[psql: error: connection to server on socket "/var/run/postgresql/.s.PGSQL.5433" failed: FATAL:  the database system is s]
02:41:31.340 rol=[master stopping] escritura=[psql: error: connection to server on socket "/var/run/postgresql/.s.PGSQL.5433" failed: FATAL:  the database system is s]
02:41:32.598 rol=[master stopping] escritura=[psql: error: connection to server on socket "/var/run/postgresql/.s.PGSQL.5433" failed: FATAL:  the database system is s]
02:41:33.873 rol=[master stopping] escritura=[psql: error: connection to server on socket "/var/run/postgresql/.s.PGSQL.5433" failed: FATAL:  the database system is s]
02:41:35.134 rol=[master stopping] escritura=[psql: error: connection to server on socket "/var/run/postgresql/.s.PGSQL.5433" failed: FATAL:  the database system is s]
02:41:36.397 rol=[master stopping] escritura=[psql: error: connection to server on socket "/var/run/postgresql/.s.PGSQL.5433" failed: FATAL:  the database system is s]
02:41:37.698 rol=[master stopping] escritura=[psql: error: connection to server on socket "/var/run/postgresql/.s.PGSQL.5433" failed: FATAL:  the database system is s]
02:41:38.992 rol=[master stopping] escritura=[psql: error: connection to server on socket "/var/run/postgresql/.s.PGSQL.5433" failed: FATAL:  the database system is s]
02:41:40.220 rol=[master stopping] escritura=[psql: error: connection to server on socket "/var/run/postgresql/.s.PGSQL.5433" failed: FATAL:  the database system is s]
02:41:41.470 rol=[master stopping] escritura=[psql: error: connection to server on socket "/var/run/postgresql/.s.PGSQL.5433" failed: FATAL:  the database system is s]
02:41:42.734 rol=[master stopping] escritura=[psql: error: connection to server on socket "/var/run/postgresql/.s.PGSQL.5433" failed: FATAL:  the database system is s]
02:41:44.033 rol=[master stopping] escritura=[psql: error: connection to server on socket "/var/run/postgresql/.s.PGSQL.5433" failed: FATAL:  the database system is s]
02:41:45.309 rol=[master stopping] escritura=[psql: error: connection to server on socket "/var/run/postgresql/.s.PGSQL.5433" failed: FATAL:  the database system is s]
02:41:46.562 rol=[master stopping] escritura=[psql: error: connection to server on socket "/var/run/postgresql/.s.PGSQL.5433" failed: FATAL:  the database system is s]
02:41:47.789 rol=[master stopping] escritura=[psql: error: connection to server on socket "/var/run/postgresql/.s.PGSQL.5433" failed: FATAL:  the database system is s]
02:41:49.058 rol=[master stopping] escritura=[psql: error: connection to server on socket "/var/run/postgresql/.s.PGSQL.5433" failed: FATAL:  the database system is s]
02:41:50.291 rol=[master stopping] escritura=[psql: error: connection to server on socket "/var/run/postgresql/.s.PGSQL.5433" failed: FATAL:  the database system is s]
02:41:51.537 rol=[master stopping] escritura=[psql: error: connection to server on socket "/var/run/postgresql/.s.PGSQL.5433" failed: FATAL:  the database system is s]
02:41:52.838 rol=[master stopping] escritura=[psql: error: connection to server on socket "/var/run/postgresql/.s.PGSQL.5433" failed: FATAL:  the database system is s]
02:41:54.076 rol=[master stopping] escritura=[psql: error: connection to server on socket "/var/run/postgresql/.s.PGSQL.5433" failed: FATAL:  the database system is s]
02:41:55.409 rol=[master stopping] escritura=[psql: error: connection to server on socket "/var/run/postgresql/.s.PGSQL.5433" failed: FATAL:  the database system is s]
02:41:56.664 rol=[master stopping] escritura=[psql: error: connection to server on socket "/var/run/postgresql/.s.PGSQL.5433" failed: FATAL:  the database system is s]
02:41:57.991 rol=[master stopping] escritura=[psql: error: connection to server on socket "/var/run/postgresql/.s.PGSQL.5433" failed: FATAL:  the database system is s]
02:41:59.209 rol=[master stopping] escritura=[psql: error: connection to server on socket "/var/run/postgresql/.s.PGSQL.5433" failed: FATAL:  the database system is s]
02:42:00.542 rol=[master stopping] escritura=[psql: error: connection to server on socket "/var/run/postgresql/.s.PGSQL.5433" failed: FATAL:  the database system is s]
02:42:01.876 rol=[master stopping] escritura=[psql: error: connection to server on socket "/var/run/postgresql/.s.PGSQL.5433" failed: FATAL:  the database system is s]
02:42:03.256 rol=[master stopping] escritura=[psql: error: connection to server on socket "/var/run/postgresql/.s.PGSQL.5433" failed: FATAL:  the database system is s]
02:42:04.593 rol=[master stopping] escritura=[psql: error: connection to server on socket "/var/run/postgresql/.s.PGSQL.5433" failed: FATAL:  the database system is s]
02:42:05.918 rol=[master stopping] escritura=[psql: error: connection to server on socket "/var/run/postgresql/.s.PGSQL.5433" failed: FATAL:  the database system is s]
02:42:07.195 rol=[master stopping] escritura=[psql: error: connection to server on socket "/var/run/postgresql/.s.PGSQL.5433" failed: FATAL:  the database system is s]
02:42:08.432 rol=[master stopping] escritura=[psql: error: connection to server on socket "/var/run/postgresql/.s.PGSQL.5433" failed: FATAL:  the database system is s]
02:42:09.707 rol=[master stopping] escritura=[psql: error: connection to server on socket "/var/run/postgresql/.s.PGSQL.5433" failed: No such file or directory 	Is th]
02:42:12.531 rol=[replica running] escritura=[ERROR:  cannot execute INSERT in a read-only transaction ]
02:42:13.752 rol=[replica running] escritura=[ERROR:  cannot execute INSERT in a read-only transaction ]
02:42:15.024 rol=[replica running] escritura=[ERROR:  cannot execute INSERT in a read-only transaction ]
02:42:16.266 rol=[replica running] escritura=[ERROR:  cannot execute INSERT in a read-only transaction ]
02:42:17.502 rol=[replica running] escritura=[ERROR:  cannot execute INSERT in a read-only transaction ]
02:42:18.794 rol=[replica running] escritura=[ERROR:  cannot execute INSERT in a read-only transaction ]
02:42:20.014 rol=[replica running] escritura=[ERROR:  cannot execute INSERT in a read-only transaction ]
02:42:21.255 rol=[replica running] escritura=[ERROR:  cannot execute INSERT in a read-only transaction ]
02:42:22.489 rol=[replica running] escritura=[ERROR:  cannot execute INSERT in a read-only transaction ]
02:42:23.827 rol=[replica running] escritura=[ERROR:  cannot execute INSERT in a read-only transaction ]
02:42:25.049 rol=[replica running] escritura=[ERROR:  cannot execute INSERT in a read-only transaction ]
02:42:26.345 rol=[replica running] escritura=[ERROR:  cannot execute INSERT in a read-only transaction ]
02:42:27.614 rol=[replica running] escritura=[ERROR:  cannot execute INSERT in a read-only transaction ]
02:42:29.069 rol=[replica running] escritura=[ERROR:  cannot execute INSERT in a read-only transaction ]
02:42:30.302 rol=[replica running] escritura=[ERROR:  cannot execute INSERT in a read-only transaction ]
02:42:31.560 rol=[replica running] escritura=[ERROR:  cannot execute INSERT in a read-only transaction ]
02:42:32.886 rol=[replica running] escritura=[ERROR:  cannot execute INSERT in a read-only transaction ]
02:42:34.164 rol=[replica running] escritura=[ERROR:  cannot execute INSERT in a read-only transaction ]
02:42:35.408 rol=[replica running] escritura=[ERROR:  cannot execute INSERT in a read-only transaction ]
02:42:36.672 rol=[replica running] escritura=[ERROR:  cannot execute INSERT in a read-only transaction ]
02:42:37.914 rol=[replica running] escritura=[ERROR:  cannot execute INSERT in a read-only transaction ]
02:42:39.168 rol=[replica running] escritura=[ERROR:  cannot execute INSERT in a read-only transaction ]
02:42:40.414 rol=[replica running] escritura=[ERROR:  cannot execute INSERT in a read-only transaction ]
02:42:41.709 rol=[replica running] escritura=[ERROR:  cannot execute INSERT in a read-only transaction ]
02:42:43.041 rol=[replica running] escritura=[ERROR:  cannot execute INSERT in a read-only transaction ]
02:42:44.293 rol=[replica running] escritura=[ERROR:  cannot execute INSERT in a read-only transaction ]
02:42:45.562 rol=[replica running] escritura=[ERROR:  cannot execute INSERT in a read-only transaction ]
02:42:46.902 rol=[replica running] escritura=[ERROR:  cannot execute INSERT in a read-only transaction ]
02:42:48.177 rol=[replica running] escritura=[ERROR:  cannot execute INSERT in a read-only transaction ]
02:42:49.423 rol=[replica running] escritura=[ERROR:  cannot execute INSERT in a read-only transaction ]
02:42:50.727 rol=[replica running] escritura=[ERROR:  cannot execute INSERT in a read-only transaction ]
02:42:52.058 rol=[replica running] escritura=[ERROR:  cannot execute INSERT in a read-only transaction ]
02:42:53.289 rol=[replica running] escritura=[ERROR:  cannot execute INSERT in a read-only transaction ]
02:42:54.564 rol=[replica running] escritura=[ERROR:  cannot execute INSERT in a read-only transaction ]
02:42:55.929 rol=[replica running] escritura=[ERROR:  cannot execute INSERT in a read-only transaction ]
02:42:57.235 rol=[replica running] escritura=[psql: error: connection to server on socket "/var/run/postgresql/.s.PGSQL.5433" failed: No such file or directory 	Is th]
02:42:58.549 rol=[replica stopped] escritura=[psql: error: connection to server on socket "/var/run/postgresql/.s.PGSQL.5433" failed: No such file or directory 	Is th]
02:43:00.041 rol=[replica stopped] escritura=[psql: error: connection to server on socket "/var/run/postgresql/.s.PGSQL.5433" failed: No such file or directory 	Is th]
02:43:01.662 rol=[replica stopped] escritura=[psql: error: connection to server on socket "/var/run/postgresql/.s.PGSQL.5433" failed: No such file or directory 	Is th]
02:43:02.991 rol=[replica stopped] escritura=[psql: error: connection to server on socket "/var/run/postgresql/.s.PGSQL.5433" failed: No such file or directory 	Is th]
02:43:04.239 rol=[replica stopped] escritura=[psql: error: connection to server on socket "/var/run/postgresql/.s.PGSQL.5433" failed: No such file or directory 	Is th]
02:43:05.492 rol=[replica stopped] escritura=[psql: error: connection to server on socket "/var/run/postgresql/.s.PGSQL.5433" failed: No such file or directory 	Is th]
02:43:06.864 rol=[replica stopped] escritura=[psql: error: connection to server on socket "/var/run/postgresql/.s.PGSQL.5433" failed: No such file or directory 	Is th]
02:43:09.909 rol=[replica starting] escritura=[ERROR:  cannot execute INSERT in a read-only transaction ]
02:43:11.160 rol=[replica running] escritura=[ERROR:  cannot execute INSERT in a read-only transaction ]
02:43:12.453 rol=[replica running] escritura=[ERROR:  cannot execute INSERT in a read-only transaction ]
02:43:13.698 rol=[replica running] escritura=[ERROR:  cannot execute INSERT in a read-only transaction ]
02:43:14.941 rol=[replica running] escritura=[ERROR:  cannot execute INSERT in a read-only transaction ]
02:43:16.270 rol=[replica running] escritura=[ERROR:  cannot execute INSERT in a read-only transaction ]
02:43:17.511 rol=[replica running] escritura=[ERROR:  cannot execute INSERT in a read-only transaction ]
02:43:18.794 rol=[replica running] escritura=[ERROR:  cannot execute INSERT in a read-only transaction ]
02:43:20.098 rol=[replica running] escritura=[ERROR:  cannot execute INSERT in a read-only transaction ]
02:43:21.327 rol=[replica running] escritura=[ERROR:  cannot execute INSERT in a read-only transaction ]
02:43:22.599 rol=[replica running] escritura=[ERROR:  cannot execute INSERT in a read-only transaction ]
02:43:23.882 rol=[replica running] escritura=[ERROR:  cannot execute INSERT in a read-only transaction ]
02:43:25.307 rol=[replica running] escritura=[ERROR:  cannot execute INSERT in a read-only transaction ]
02:43:26.524 rol=[replica running] escritura=[ERROR:  cannot execute INSERT in a read-only transaction ]
02:43:27.802 rol=[replica running] escritura=[ERROR:  cannot execute INSERT in a read-only transaction ]
02:43:29.099 rol=[replica running] escritura=[ERROR:  cannot execute INSERT in a read-only transaction ]
02:43:30.373 rol=[replica running] escritura=[ERROR:  cannot execute INSERT in a read-only transaction ]
02:43:31.675 rol=[replica running] escritura=[ERROR:  cannot execute INSERT in a read-only transaction ]
02:43:32.988 rol=[replica running] escritura=[ERROR:  cannot execute INSERT in a read-only transaction ]
02:43:34.250 rol=[replica running] escritura=[ERROR:  cannot execute INSERT in a read-only transaction ]
02:43:35.488 rol=[replica running] escritura=[ERROR:  cannot execute INSERT in a read-only transaction ]
02:43:36.785 rol=[replica running] escritura=[ERROR:  cannot execute INSERT in a read-only transaction ]
02:43:38.084 rol=[replica running] escritura=[ERROR:  cannot execute INSERT in a read-only transaction ]
02:43:39.352 rol=[replica running] escritura=[ERROR:  cannot execute INSERT in a read-only transaction ]
02:43:40.629 rol=[replica running] escritura=[ERROR:  cannot execute INSERT in a read-only transaction ]
02:43:41.945 rol=[replica running] escritura=[ERROR:  cannot execute INSERT in a read-only transaction ]
02:43:43.178 rol=[replica running] escritura=[ERROR:  cannot execute INSERT in a read-only transaction ]
02:43:44.430 rol=[replica running] escritura=[ERROR:  cannot execute INSERT in a read-only transaction ]
02:43:45.733 rol=[replica running] escritura=[ERROR:  cannot execute INSERT in a read-only transaction ]
02:43:46.990 rol=[replica running] escritura=[ERROR:  cannot execute INSERT in a read-only transaction ]
02:43:48.226 rol=[replica running] escritura=[ERROR:  cannot execute INSERT in a read-only transaction ]
02:43:49.447 rol=[replica running] escritura=[ERROR:  cannot execute INSERT in a read-only transaction ]
02:43:50.785 rol=[replica running] escritura=[ERROR:  cannot execute INSERT in a read-only transaction ]
02:43:52.050 rol=[replica running] escritura=[ERROR:  cannot execute INSERT in a read-only transaction ]
02:43:53.290 rol=[replica running] escritura=[ERROR:  cannot execute INSERT in a read-only transaction ]
02:43:54.513 rol=[replica running] escritura=[ERROR:  cannot execute INSERT in a read-only transaction ]
02:43:55.795 rol=[replica running] escritura=[ERROR:  cannot execute INSERT in a read-only transaction ]
02:43:57.143 rol=[replica running] escritura=[ERROR:  cannot execute INSERT in a read-only transaction ]
02:43:58.454 rol=[replica running] escritura=[ERROR:  cannot execute INSERT in a read-only transaction ]
02:43:59.796 rol=[replica running] escritura=[ERROR:  cannot execute INSERT in a read-only transaction ]
