02:40:45.622 200 0.023176
02:40:46.679 200 0.022514
02:40:47.789 200 0.028569
02:40:48.849 200 0.022617
02:40:49.968 200 0.044932
02:40:51.137 200 0.095345
02:40:52.252 200 0.053167
02:40:53.327 200 0.027415
02:40:54.535 200 0.027028
02:40:55.595 200 0.023795
02:40:56.646 200 0.020942
02:40:57.753 200 0.068392
02:40:58.820 200 0.032516
02:40:59.899 200 0.022794
02:41:00.975 200 0.029945
02:41:02.062 200 0.054959
02:41:03.118 200 0.025204
02:41:04.194 200 0.035918
02:41:05.247 200 0.023086
02:41:06.300 200 0.022717
02:41:07.364 200 0.026306
02:41:08.424 200 0.022882
02:41:09.488 200 0.028915
02:41:10.553 200 0.027315
02:41:11.605 200 0.020760
02:41:12.665 200 0.022590
02:41:13.726 200 0.023617
02:41:14.808 200 0.051807
02:41:15.868 200 0.027110
02:41:16.959 200 0.047268
02:41:18.070 200 0.051390
02:41:19.126 200 0.025679
02:41:20.176 200 0.021686
02:41:21.231 200 0.023236
02:41:22.293 200 0.025154
02:41:23.396 200 0.034298
02:41:24.474 200 0.029393
02:41:25.535 200 0.021112
02:41:26.589 200 0.024397
02:41:27.642 200 0.024083
02:41:28.697 200 0.023216
02:41:29.813 200 0.034867
02:41:30.896 200 0.021046
02:41:31.954 200 0.023595
02:41:33.035 200 0.024472
02:41:34.095 200 0.028463
02:41:35.160 200 0.024996
02:41:36.219 200 0.025616
02:41:37.273 200 0.021744
02:41:38.332 200 0.027059
02:41:39.389 200 0.023258
02:41:40.452 200 0.025160
02:41:41.520 200 0.030152
02:41:42.572 200 0.023015
02:41:43.634 200 0.028604
02:41:44.728 200 0.053842
02:41:45.826 200 0.023331
02:41:46.877 200 0.021043
02:41:47.985 200 0.073459
02:41:49.048 200 0.023773
02:41:50.100 200 0.021386
02:41:51.154 200 0.023662
02:41:52.210 200 0.023446
02:41:53.267 200 0.023487
02:41:54.324 200 0.024188
02:41:55.396 200 0.031592
02:41:56.463 200 0.027333
02:41:57.522 200 0.025409
02:41:58.577 200 0.023904
02:41:59.636 200 0.026041
02:42:00.705 200 0.030866
02:42:01.794 200 0.033920
02:42:02.861 200 0.027649
02:42:03.924 200 0.024423
02:42:04.984 200 0.024038
02:42:06.076 200 0.054536
02:42:07.153 200 0.036155
02:42:08.238 200 0.023429
02:42:09.304 200 0.027240
02:42:10.477 200 0.090175
02:42:11.534 200 0.022440
02:42:12.601 200 0.027851
02:42:13.652 200 0.021958
02:42:14.755 200 0.038814
02:42:15.816 200 0.025889
02:42:16.890 200 0.030175
02:42:17.960 200 0.022678
02:42:19.016 200 0.023086
02:42:20.066 200 0.021180
02:42:21.122 200 0.023679
02:42:22.191 200 0.030318
02:42:23.248 200 0.021220
02:42:24.304 200 0.025399
02:42:25.355 200 0.021821
02:42:26.422 200 0.025604
02:42:27.480 200 0.025372
02:42:28.555 200 0.033599
02:42:29.612 200 0.023898
02:42:30.665 200 0.022053
02:42:31.779 200 0.024810
02:42:32.842 200 0.028566
02:42:33.930 200 0.024153
02:42:34.996 200 0.023371
02:42:36.053 200 0.022486
02:42:37.104 200 0.022602
02:42:38.154 200 0.021065
02:42:39.207 200 0.022864
02:42:40.262 200 0.024146
02:42:41.326 200 0.029342
02:42:42.385 200 0.026231
02:42:43.445 200 0.026387
02:42:44.501 200 0.024575
02:42:45.565 200 0.026789
02:42:46.621 200 0.022751
02:42:47.673 200 0.022618
02:42:48.774 200 0.068625
02:42:49.835 200 0.021973
02:42:50.897 200 0.027818
02:42:52.006 200 0.035330
02:42:53.061 200 0.022404
02:42:54.143 200 0.048774
02:42:55.196 200 0.023612
02:42:56.248 200 0.021402
02:42:57.309 200 0.028111
02:42:58.378 200 0.031645
02:42:59.451 200 0.032670
02:43:00.548 200 0.050855
02:43:01.671 200 0.034141
02:43:02.756 200 0.042890
02:43:03.874 200 0.032069
02:43:04.987 200 0.046839
02:43:06.058 200 0.025559
02:43:07.143 200 0.030143
02:43:08.204 200 0.026940
02:43:09.261 200 0.025933
02:43:10.322 200 0.025944
02:43:11.376 200 0.023588
02:43:12.435 200 0.027632
02:43:13.501 200 0.031377
02:43:14.556 200 0.023061
02:43:15.608 200 0.021636
02:43:16.661 200 0.022490
02:43:17.761 200 0.053383
02:43:18.826 200 0.027363
02:43:19.878 200 0.023128
02:43:20.934 200 0.025709
02:43:21.984 200 0.021798
02:43:23.041 200 0.028136
02:43:24.122 200 0.024596
02:43:25.226 200 0.049250
02:43:26.281 200 0.023621
02:43:27.345 200 0.031326
02:43:28.398 200 0.023992
02:43:29.453 200 0.021247
02:43:30.510 200 0.025679
02:43:31.564 200 0.022958
02:43:32.619 200 0.025509
02:43:33.693 200 0.033338
02:43:34.769 200 0.039446
02:43:35.828 200 0.027005
02:43:36.891 200 0.025291
02:43:37.985 200 0.036475
02:43:39.095 200 0.028273
02:43:40.157 200 0.025985
02:43:41.212 200 0.025516
02:43:42.265 200 0.022810
02:43:43.319 200 0.023614
02:43:44.381 200 0.029974
02:43:45.440 200 0.027024
02:43:46.492 200 0.021606
02:43:47.547 200 0.024899
02:43:48.600 200 0.022843
02:43:49.655 200 0.022825
02:43:50.763 200 0.044221
02:43:51.833 200 0.021740
02:43:52.898 200 0.028561
02:43:53.955 200 0.021717
02:43:55.014 200 0.024403
