02:31:20.141 200 0.029019
02:31:21.208 200 0.027235
02:31:22.265 200 0.022677
02:31:23.321 200 0.026591
02:31:24.386 200 0.026205
02:31:25.444 200 0.024681
02:31:26.502 200 0.026479
02:31:27.561 200 0.023269
02:31:28.614 200 0.021549
02:31:29.677 200 0.026754
02:31:30.737 200 0.028943
02:31:31.926 200 0.082164
02:31:32.985 200 0.024219
02:31:34.037 200 0.023305
02:31:35.105 200 0.031934
02:31:36.177 200 0.034440
02:31:37.246 200 0.027810
02:31:38.330 200 0.041705
02:31:39.440 200 0.026279
02:31:40.508 200 0.026468
02:31:41.572 200 0.024935
02:31:42.627 200 0.026257
02:31:43.691 200 0.027438
02:31:44.768 200 0.043403
02:31:45.845 200 0.040445
02:31:46.908 200 0.027365
02:31:47.968 200 0.027363
02:31:49.048 200 0.024171
02:31:50.745 200 0.650821
02:31:51.812 200 0.029449
02:31:52.872 200 0.024848
02:31:53.955 200 0.041171
02:31:55.021 200 0.031024
02:31:56.091 200 0.031301
02:31:57.155 200 0.027969
02:31:58.221 200 0.026808
02:31:59.291 200 0.032169
02:32:00.354 200 0.027281
02:32:01.421 200 0.028305
02:32:02.473 200 0.020735
02:32:03.524 200 0.022143
02:32:04.589 200 0.027049
02:32:05.658 200 0.031556
02:32:06.723 200 0.028261
02:32:07.803 200 0.025404
02:32:08.859 200 0.022326
02:32:09.940 200 0.042504
02:32:11.008 200 0.031976
02:32:12.092 200 0.027891
02:32:13.153 200 0.025653
02:32:14.231 200 0.030404
02:32:15.300 200 0.030155
02:32:16.398 200 0.022854
02:32:17.457 200 0.024177
02:32:18.523 200 0.029271
02:32:19.579 200 0.024930
02:32:20.639 200 0.027409
02:32:21.704 200 0.031039
02:32:22.759 200 0.022360
02:32:23.808 200 0.020685
02:32:24.924 200 0.027418
02:32:25.977 200 0.020996
02:32:27.032 200 0.023249
02:32:28.118 200 0.022042
02:32:29.172 200 0.021785
02:32:30.232 200 0.027253
02:32:31.282 200 0.020948
02:32:32.333 200 0.021973
02:32:33.390 200 0.024764
02:32:34.445 200 0.024231
02:32:35.503 200 0.025279
02:32:36.557 200 0.022512
02:32:37.617 200 0.026421
02:32:38.735 200 0.062018
02:32:39.841 200 0.025701
02:32:40.945 200 0.047675
02:32:42.052 200 0.039238
02:32:43.114 200 0.025907
02:32:44.190 200 0.034036
02:32:45.247 200 0.022361
02:32:46.345 200 0.058843
02:32:47.445 200 0.029057
02:32:48.499 200 0.020810
02:32:49.566 200 0.025710
02:32:50.620 200 0.023193
02:32:51.675 200 0.023757
02:32:52.791 200 0.084061
02:32:53.845 200 0.024690
02:32:54.922 200 0.022653
02:32:56.006 200 0.024572
02:32:57.077 200 0.021707
02:32:58.134 200 0.024139
02:32:59.188 200 0.023624
02:33:00.243 200 0.022518
02:33:01.309 200 0.027141
02:33:02.366 200 0.022025
02:33:03.421 200 0.023379
02:33:04.482 200 0.025157
02:33:05.541 200 0.023009
02:33:06.598 200 0.023777
02:33:07.654 200 0.024527
02:33:08.766 200 0.027674
02:33:09.846 200 0.026717
02:33:10.941 200 0.025610
02:33:12.023 200 0.033113
02:33:13.084 200 0.024390
02:33:14.137 200 0.022264
02:33:15.193 200 0.022314
02:33:16.282 200 0.026670
02:33:17.352 200 0.027273
02:33:18.417 200 0.029710
02:33:19.467 200 0.020327
02:33:20.516 200 0.020917
02:33:21.564 200 0.020201
02:33:22.621 200 0.022070
02:33:23.758 200 0.069566
02:33:24.821 200 0.028713
02:33:25.907 200 0.033333
02:33:27.035 200 0.031778
02:33:28.090 200 0.023329
02:33:29.148 200 0.025524
02:33:30.204 200 0.024496
02:33:31.257 200 0.022391
02:33:32.331 200 0.034743
02:33:33.389 200 0.023227
02:33:34.458 200 0.032002
02:33:35.530 200 0.034099
02:33:36.593 200 0.026225
02:33:37.655 200 0.025873
02:33:38.793 200 0.047107
02:33:39.854 200 0.022176
02:33:40.928 200 0.027561
02:33:41.996 200 0.033477
02:33:43.050 200 0.021591
02:33:44.107 200 0.023824
02:33:45.166 200 0.023470
02:33:46.220 200 0.022630
02:33:47.280 200 0.025561
02:33:48.341 200 0.027166
02:33:49.422 200 0.035357
02:33:50.546 200 0.039483
02:33:51.654 200 0.043124
02:33:52.750 200 0.039959
02:33:53.819 200 0.031079
02:33:54.874 200 0.022709
02:33:55.941 200 0.030669
02:33:57.011 200 0.027344
02:33:58.067 200 0.023576
02:33:59.119 200 0.020971
02:34:00.171 200 0.023296
02:34:01.233 200 0.028140
02:34:02.284 200 0.023870
02:34:03.339 200 0.025256
02:34:04.390 200 0.022994
02:34:05.446 200 0.025752
02:34:06.502 200 0.024570
02:34:07.562 200 0.026561
02:34:08.620 200 0.023913
02:34:09.674 200 0.023022
02:34:10.779 200 0.025194
02:34:11.850 200 0.031745
02:34:12.919 200 0.024299
02:34:13.973 200 0.023311
02:34:15.061 200 0.058127
02:34:16.115 200 0.023624
02:34:17.178 200 0.027319
02:34:18.232 200 0.024743
02:34:19.289 200 0.025455
02:34:20.343 200 0.022348
02:34:21.408 200 0.025296
02:34:22.496 200 0.043002
02:34:23.593 200 0.023998
02:34:24.645 200 0.020561
02:34:25.698 200 0.021862
02:34:26.755 200 0.023197
02:34:27.814 200 0.022974
02:34:28.870 200 0.022350
