16:31:53.327 200 0.034429
16:31:54.401 200 0.028951
16:31:55.478 200 0.033416
16:31:56.554 200 0.033338
16:31:57.618 200 0.025110
16:31:58.687 200 0.029847
16:31:59.762 200 0.029725
16:32:00.827 200 0.029957
16:32:01.893 200 0.026536
16:32:03.022 200 0.085892
16:32:04.108 200 0.035108
16:32:05.192 200 0.035571
16:32:06.263 200 0.027387
16:32:07.338 200 0.030676
16:32:08.404 200 0.027253
16:32:09.474 200 0.029557
16:32:10.542 200 0.028679
16:32:11.610 200 0.032865
16:32:12.681 200 0.030582
16:32:13.753 200 0.029443
16:32:14.820 200 0.028678
16:32:15.882 200 0.026090
16:32:16.944 200 0.026897
16:32:18.012 200 0.028241
16:32:19.082 200 0.029898
16:32:20.160 200 0.035848
16:32:21.231 200 0.032072
16:32:22.298 200 0.027293
16:32:23.361 200 0.027075
16:32:24.426 200 0.027417
16:32:25.495 200 0.029930
16:32:26.564 200 0.029973
16:32:27.629 200 0.029894
16:32:28.688 200 0.024075
16:32:29.757 200 0.030219
16:32:30.821 200 0.032728
16:32:31.842 200 0.007754
16:32:32.864 200 0.009762
16:32:33.882 200 0.007877
16:32:34.904 200 0.008861
16:32:35.974 200 0.031672
16:32:37.039 200 0.028104
16:32:39.126 200 1.044946
16:32:40.184 200 0.025039
16:32:41.244 200 0.023870
16:32:42.266 200 0.008599
16:32:43.287 200 0.008699
16:32:44.307 200 0.007643
16:32:45.327 200 0.008538
16:32:46.398 200 0.034215
16:32:47.466 200 0.029851
16:32:48.533 200 0.030162
16:32:49.603 200 0.029827
16:32:50.695 200 0.047021
16:32:51.769 200 0.033955
16:32:52.834 200 0.027427
16:32:53.894 200 0.025255
16:32:54.969 200 0.028491
16:32:56.042 200 0.032798
16:32:57.107 200 0.029919
16:32:58.166 200 0.027157
16:32:59.230 200 0.026784
16:33:00.295 200 0.027847
16:33:01.358 200 0.024657
16:33:02.424 200 0.029005
16:33:03.486 200 0.024935
16:33:04.554 200 0.027833
16:33:05.623 200 0.029826
16:33:06.682 200 0.024214
16:33:08.765 200 1.034334
16:33:09.840 200 0.031237
16:33:10.899 200 0.025591
16:33:11.957 200 0.024247
16:33:13.021 200 0.027722
16:33:14.094 200 0.026533
16:33:15.160 200 0.028869
16:33:16.225 200 0.028951
16:33:17.281 200 0.023472
16:33:18.343 200 0.024941
16:33:19.406 200 0.028206
16:33:20.475 200 0.029446
16:33:21.538 200 0.026130
16:33:22.603 200 0.024240
16:33:23.681 200 0.032233
16:33:24.747 200 0.029261
16:33:25.808 200 0.025792
16:33:26.868 200 0.026139
16:33:27.931 200 0.026736
16:33:28.992 200 0.028392
16:33:30.053 200 0.026193
16:33:31.119 200 0.028721
16:33:32.179 200 0.025934
16:33:33.247 200 0.030836
16:33:34.310 200 0.027598
16:33:35.374 200 0.026698
16:33:36.441 200 0.029268
16:33:37.501 200 0.024907
16:33:38.568 200 0.030397
16:33:39.636 200 0.030278
16:33:40.703 200 0.028808
16:33:41.767 200 0.027204
16:33:42.833 200 0.028533
16:33:43.896 200 0.025918
16:33:44.962 200 0.028168
16:33:46.034 200 0.032023
16:33:47.183 200 0.112933
16:33:48.252 200 0.028540
16:33:49.312 200 0.025316
16:33:50.376 200 0.027646
16:33:51.445 200 0.027889
16:33:52.508 200 0.025391
16:33:53.570 200 0.026819
16:33:54.636 200 0.029232
16:33:55.707 200 0.031842
16:33:56.786 200 0.036681
16:33:57.851 200 0.026142
16:33:58.910 200 0.026012
16:33:59.971 200 0.025936
16:34:01.038 200 0.025839
16:34:02.101 200 0.028867
16:34:03.164 200 0.025864
16:34:04.231 200 0.029144
16:34:05.305 200 0.026471
16:34:06.366 200 0.025566
16:34:07.429 200 0.025881
16:34:08.489 200 0.024909
16:34:09.560 200 0.035284
16:34:10.627 200 0.027960
16:34:11.695 200 0.029398
16:34:12.768 200 0.034762
16:34:13.839 200 0.028645
16:34:14.903 200 0.026613
16:34:15.973 200 0.033865
16:34:17.038 200 0.026310
16:34:18.103 200 0.026910
16:34:19.175 200 0.031931
16:34:20.980 200 0.766465
16:34:22.053 200 0.029633
16:34:23.125 200 0.030035
16:34:24.188 200 0.025547
16:34:25.253 200 0.027627
16:34:26.324 200 0.029639
16:34:27.389 200 0.026566
16:34:28.453 200 0.027935
16:34:29.522 200 0.028412
16:34:30.595 200 0.031191
16:34:31.663 200 0.029419
16:34:32.737 200 0.032020
16:34:33.804 200 0.027824
16:34:34.874 200 0.031491
16:34:35.952 200 0.030604
16:34:37.019 200 0.028703
16:34:38.084 200 0.026567
16:34:39.159 200 0.035142
16:34:40.221 200 0.026166
16:34:41.304 200 0.040961
16:34:42.373 200 0.027849
16:34:43.444 200 0.030943
16:34:44.523 200 0.037942
16:34:45.602 200 0.035673
16:34:46.673 200 0.029167
16:34:47.753 200 0.037831
16:34:48.821 200 0.030472
16:34:49.887 200 0.026975
16:34:50.951 200 0.024987
16:34:52.017 200 0.028648
16:34:54.084 200 1.027821
16:34:55.152 200 0.031224
16:34:56.233 200 0.037043
16:34:57.304 200 0.030275
16:34:58.374 200 0.028570
16:34:59.448 200 0.028820
16:35:00.525 200 0.034942
16:35:01.599 200 0.031570
16:35:02.665 200 0.028653
